Copyright 1986-2022 Xilinx, Inc. All Rights Reserved. Copyright 2022-2025 Advanced Micro Devices, Inc. All Rights Reserved.
---------------------------------------------------------------------------------------------------------------------------------------------------------------------------
| Tool Version : Vivado v.2025.2 (lin64) Build 6299465 Fri Nov 14 12:34:56 MST 2025
| Date         : Mon Aug 24 23:30:17 2026
| Host         : HUAWEI-R9000P-2023 running 64-bit Ubuntu 22.04.5 LTS
| Command      : report_accelerator_utilization -kernels { decode:MPSoC_ext_platform_i/decode_1/inst:decode_1} -file kernel_util_routed.rpt -name kernel_util_routed -json
| Design       : MPSoC_ext_platform_wrapper
| Device       : xck26
| Design State : Routed
---------------------------------------------------------------------------------------------------------------------------------------------------------------------------

Accelerator Utilization Design Information

Table of Contents
-----------------
1. System Utilization

1. System Utilization
---------------------

+---------------------+------------------+-----------------+------------------+---------------+--------------+----------------+
| Name                | LUT              | LUTAsMem        | REG              | BRAM          | URAM         | DSP            |
+---------------------+------------------+-----------------+------------------+---------------+--------------+----------------+
| Platform            |   7195 [  6.14%] |  1288 [  2.24%] |   9716 [  4.15%] |   0 [  0.00%] |  0 [  0.00%] |    0 [  0.00%] |
| User Budget         | 109925 [100.00%] | 56312 [100.00%] | 224524 [100.00%] | 144 [100.00%] | 64 [100.00%] | 1248 [100.00%] |
|    Used Resources   |  74489 [ 67.76%] |  3628 [  6.44%] |  98416 [ 43.83%] | 104 [ 72.22%] | 56 [ 87.50%] |  493 [ 39.50%] |
|    Unused Resources |  35436 [ 32.24%] | 52684 [ 93.56%] | 126108 [ 56.17%] |  40 [ 27.78%] |  8 [ 12.50%] |  755 [ 60.50%] |
| decode              |  74489 [ 67.76%] |  3628 [  6.44%] |  98416 [ 43.83%] | 104 [ 72.22%] | 56 [ 87.50%] |  493 [ 39.50%] |
|    decode_1         |  74489 [ 67.76%] |  3628 [  6.44%] |  98416 [ 43.83%] | 104 [ 72.22%] | 56 [ 87.50%] |  493 [ 39.50%] |
+---------------------+------------------+-----------------+------------------+---------------+--------------+----------------+
