Copyright 1986-2022 Xilinx, Inc. All Rights Reserved. Copyright 2022-2025 Advanced Micro Devices, Inc. All Rights Reserved.
---------------------------------------------------------------------------------------------------------------------------------------------------------------------------
| Tool Version : Vivado v.2025.2 (lin64) Build 6299465 Fri Nov 14 12:34:56 MST 2025
| Date         : Tue Aug 18 10:15:28 2026
| Host         : HUAWEI-R9000P-2023 running 64-bit Ubuntu 22.04.5 LTS
| Command      : report_accelerator_utilization -kernels { decode:MPSoC_ext_platform_i/decode_1/inst:decode_1} -file kernel_util_routed.rpt -name kernel_util_routed -json
| Design       : MPSoC_ext_platform_wrapper
| Device       : xck26
| Design State : Routed
---------------------------------------------------------------------------------------------------------------------------------------------------------------------------

Accelerator Utilization Design Information

Table of Contents
-----------------
1. System Utilization

1. System Utilization
---------------------

+---------------------+------------------+-----------------+------------------+---------------+--------------+----------------+
| Name                | LUT              | LUTAsMem        | REG              | BRAM          | URAM         | DSP            |
+---------------------+------------------+-----------------+------------------+---------------+--------------+----------------+
| Platform            |   7198 [  6.15%] |  1288 [  2.24%] |   9716 [  4.15%] |   0 [  0.00%] |  0 [  0.00%] |    0 [  0.00%] |
| User Budget         | 109922 [100.00%] | 56312 [100.00%] | 224524 [100.00%] | 144 [100.00%] | 64 [100.00%] | 1248 [100.00%] |
|    Used Resources   |  57859 [ 52.64%] |  2639 [  4.69%] |  70688 [ 31.48%] | 103 [ 71.53%] | 56 [ 87.50%] |  309 [ 24.76%] |
|    Unused Resources |  52063 [ 47.36%] | 53673 [ 95.31%] | 153836 [ 68.52%] |  41 [ 28.47%] |  8 [ 12.50%] |  939 [ 75.24%] |
| decode              |  57859 [ 52.64%] |  2639 [  4.69%] |  70688 [ 31.48%] | 103 [ 71.53%] | 56 [ 87.50%] |  309 [ 24.76%] |
|    decode_1         |  57859 [ 52.64%] |  2639 [  4.69%] |  70688 [ 31.48%] | 103 [ 71.53%] | 56 [ 87.50%] |  309 [ 24.76%] |
+---------------------+------------------+-----------------+------------------+---------------+--------------+----------------+


